f"SYNTAX ERROR in line {line}: Program must begin with a function or variable declaration.",
f"SYNTAX ERROR in line {line}: Program must begin with a function or variable declaration.",
f"SYNTAX ERROR in line {line}: Invalid declaration. Variables can only be int. Functions can only be Void.",
f"SYNTAX ERROR in line {line}: Invalid declaration. Variables can only be int. Functions can only be Void.",
f"SYNTAX ERROR in line {line}: Invalid declaration. 'int' must be followed by a valid identifier.",
f"SYNTAX ERROR in line {line}: Invalid void function declaration. Must be of format 'void ID(params) {{}}'.",
f"SYNTAX ERROR in line {line}: Invalid variable declaration. Must be of format 'int ID;'.",
f"SYNTAX ERROR in line {line}: Invalid array declaration. Must be of format 'int ID[NUM];'.",
f"SYNTAX ERROR in line {line}: Invalid int function declaration. Must be of format 'int ID(params) {{}}'.",
f"SYNTAX ERROR in line {line}: Invalid variable declaration. 'int' must be followed by a valid identifier.",
f"SYNTAX ERROR in line {line}: Invalid variable declaration. Must be of format 'int ID;'.",
f"SYNTAX ERROR in line {line}: Invalid array declaration. Must be of format 'int ID[NUM];'.",
f"SYNTAX ERROR in line {line}: Invalid parameters. If multiple parameters, they must be of type int.",
f"SYNTAX ERROR in line {line}: Invalid parameters. Only one parameter allowed for 'void' parameters.",
f"SYNTAX ERROR in line {line}: Invalid parameters. Parameters must be separated by commas ','.",
f"SYNTAX ERROR in line {line}: Invalid parameters. Parameter list must be closed by a parenthesis ')'.",
f"SYNTAX ERROR in line {line}: Invalid parameter. int params must be valid identifiers.",
f"SYNTAX ERROR in line {line}: Invalid parameter. Array parameters must not have a size in format 'int ID[]'.",
f"SYNTAX ERROR in line {line}: Invalid parameters. List of parameters must close on a ')' and be separated by commas ','.",
f"SYNTAX ERROR in line {line}: Invalid function body. The body of a function must be enclosed by brackets '{{}}'.",
f"SYNTAX ERROR in line {line}: Invalid local declaration. Variables can only be ints.",
f"SYNTAX ERROR in line {line}: Invalid statement. Cannot do operations outside of an assignment, comparison, function call, or array call.",
f"SYNTAX ERROR in line {line}: Invalid statement. Cannot do operations outside of an assignment, comparison, function call, or array call.",
f"SYNTAX ERROR in line {line}: Invalid statement. No declarations may be after the first statement in a scope. Statements must begin with an ID or keyword.",
f"SYNTAX ERROR in line {line}: Invalid statement. Cannot call or assign to an invalid ID.",
f"SYNTAX ERROR in line {line}: Invalid statement. Must be encompased by brackets '{{}}'.",
f"SYNTAX ERROR in line {line}: Invalid if statement. Must be of format 'if (expression) statement' with an optional 'else statement'.",
f"SYNTAX ERROR in line {line}: Invalid while statement. Must be of format 'while (expression) statement'.",
f"SYNTAX ERROR in line {line}: Invalid return statement.",
f"SYNTAX ERROR in line {line}: Invalid input statement. Must be followed by an existing variable in format 'input var;'.",
f"SYNTAX ERROR in line {line}: Invalid output statement. Must be followed by an existing variable in format 'output var;'.",
f"SYNTAX ERROR in line {line}: Invalid assignment statement. Can only assign to a valid var or array element in format 'ID = expression;'",
f"SYNTAX ERROR in line {line}: Invalid function call. Must be called with args between parentheses in format 'ID(args)'.",
f"SYNTAX ERROR in line {line}: Invalid else statement. Must begin with 'else' keyword and be followed by another statement.",
f"SYNTAX ERROR in line {line}: Invalid else statement. Must begin with 'else' keyword and be followed by another statement.",
f"SYNTAX ERROR in line {line}: Invalid void return statement.",
f"SYNTAX ERROR in line {line}: Invalid int return statement. Must return an expression or variable.",
f"SYNTAX ERROR in line {line}: Invalid input statement. Must be followed by an existing variable in format 'input var;'.",
f"SYNTAX ERROR in line {line}: Invalid input statement. Must be followed by an existing variable in format 'input var[position];'.",
f"SYNTAX ERROR in line {line}: Invalid var declaration or assignment.",
f"SYNTAX ERROR in line {line}: Invalid expression.",
f"SYNTAX ERROR in line {line}: Invalid relational expression.",
f"SYNTAX ERROR in line {line}: Invalid expression. Must begin with an ID or keyword.",
f"SYNTAX ERROR in line {line}: Invalid relational operator. The only relational operators are '<, >, <=, >=, ==, !='.",
f"SYNTAX ERROR in line {line}: Invalid relational operator. The only relational operators are '<, >, <=, >=, ==, !='.",
f"SYNTAX ERROR in line {line}: Invalid relational operator. The only relational operators are '<, >, <=, >=, ==, !='.",
f"SYNTAX ERROR in line {line}: Invalid relational operator. The only relational operators are '<, >, <=, >=, ==, !='.",
f"SYNTAX ERROR in line {line}: Invalid relational operator. The only relational operators are '<, >, <=, >=, ==, !='.",
f"SYNTAX ERROR in line {line}: Invalid relational operator. The only relational operators are '<, >, <=, >=, ==, !='.",
f"SYNTAX ERROR in line {line}: Invalid arithmetic expression. Expressions can only be done with NUMs IDs.",
f"SYNTAX ERROR in line {line}: Invalid arithmetic expression. May only have one operator. Operators may only be '-, +, *, /'.",
f"SYNTAX ERROR in line {line}: Invalid arithmetic expression. May only have one operator. Operators may only be '-, +, *, /'.",
f"SYNTAX ERROR in line {line}: Incomplete arithmetic expression. Missing second term.",
f"SYNTAX ERROR in line {line}: Incomplete arithmetic expression. Missing second term.",
f"SYNTAX ERROR in line {line}: Invalid arithmetic expression. Expressions can only be done with NUMs IDs.",
f"SYNTAX ERROR in line {line}: Invalid arithmetic expression. May only have one operator. Operators may only be '-, +, *, /'.",
f"SYNTAX ERROR in line {line}: Invalid arithmetic expression. May only have one operator. Operators may only be '-, +, *, /'.",
f"SYNTAX ERROR in line {line}: Incomplete arithmetic expression. Missing second term.",
f"SYNTAX ERROR in line {line}: Incomplete arithmetic expression. Missing second term.",
f"SYNTAX ERROR in line {line}: Invalid arithmetic expression. May only have one operator. Operators may only be '-, +, *, /'.",
f"SYNTAX ERROR in line {line}: Invalid arithmetic expression. Expressions can only be done with NUMs IDs.",
f"SYNTAX ERROR in line {line}: Invalid arithmetic expression. Expressions can only be done with NUMs IDs.",
f"SYNTAX ERROR in line {line}: Invalid array call. Array elements must be called with a NUM or an expression that resolves to an int.",
f"SYNTAX ERROR in line {line}: Invalid arithmetic expression. May only have one operator. Operators may only be '-, +, *, /'.",
f"SYNTAX ERROR in line {line}: Invalid function call. Function call must be 'fun_name(params)'.",
f"SYNTAX ERROR in line {line}: Invalid function call. Arguments must resolve to an int with a NUM, ID or expression.",
f"SYNTAX ERROR in line {line}: Invalid function call. Unclosed arguments list. Must end in ')'.",
f"SYNTAX ERROR in line {line}: Invalid function call. Arguments must resolve to an int with a NUM, ID or expression.",
f"SYNTAX ERROR in line {line}: Invalid function call. Arguments must be separated by commas ','.",
f"SYNTAX ERROR in line {line}: Invalid function call. Unclosed arguments list. Must end in ')'."]